[math_op_mul_div_swap] swap operator `*` for `/` in f at tests/ui/mutation/ops/op_swap/math_op_mul_div_swap/swap_mul_and_div.rs:8:13: 8:37
  <-(0)- test

[math_op_mul_div_swap] swap operator `*` for `/` in f at tests/ui/mutation/ops/op_swap/math_op_mul_div_swap/swap_mul_and_div.rs:9:13: 9:30
  <-(0)- test

[math_op_mul_div_swap] swap operator `*` for `/` in f at tests/ui/mutation/ops/op_swap/math_op_mul_div_swap/swap_mul_and_div.rs:9:13: 9:26
  <-(0)- test

[math_op_mul_div_swap] swap operator `*` for `/` in f at tests/ui/mutation/ops/op_swap/math_op_mul_div_swap/swap_mul_and_div.rs:9:13: 9:22
  <-(0)- test

[math_op_mul_div_swap] swap operator `*` for `/` in f at tests/ui/mutation/ops/op_swap/math_op_mul_div_swap/swap_mul_and_div.rs:9:13: 9:18
  <-(0)- test

[math_op_mul_div_swap] swap operator `/` for `*` in f at tests/ui/mutation/ops/op_swap/math_op_mul_div_swap/swap_mul_and_div.rs:11:13: 11:26
  <-(0)- test

[math_op_mul_div_swap] swap operator `/` for `*` in f at tests/ui/mutation/ops/op_swap/math_op_mul_div_swap/swap_mul_and_div.rs:12:13: 12:24
  <-(0)- test

[math_op_mul_div_swap] swap operator `/` for `*` in f at tests/ui/mutation/ops/op_swap/math_op_mul_div_swap/swap_mul_and_div.rs:12:13: 12:20
  <-(0)- test

[math_op_mul_div_swap] swap operator `/` for `*` in f at tests/ui/mutation/ops/op_swap/math_op_mul_div_swap/swap_mul_and_div.rs:14:13: 14:47
  <-(0)- test

[math_op_mul_div_swap] swap operator `*` for `/` in f at tests/ui/mutation/ops/op_swap/math_op_mul_div_swap/swap_mul_and_div.rs:14:13: 14:40
  <-(0)- test

[math_op_mul_div_swap] swap operator `*` for `/` in f at tests/ui/mutation/ops/op_swap/math_op_mul_div_swap/swap_mul_and_div.rs:14:14: 14:26
  <-(0)- test

[math_op_mul_div_swap] swap operator `/` for `*` in f at tests/ui/mutation/ops/op_swap/math_op_mul_div_swap/swap_mul_and_div.rs:14:14: 14:22
  <-(0)- test

[math_op_mul_div_swap] swap operator `*` for `/` in f at tests/ui/mutation/ops/op_swap/math_op_mul_div_swap/swap_mul_and_div.rs:16:8: 16:13
  <-(0)- test

[math_op_mul_div_swap] swap operator `/` for `*` in f at tests/ui/mutation/ops/op_swap/math_op_mul_div_swap/swap_mul_and_div.rs:18:11: 18:17
  <-(0)- test

[math_op_mul_div_swap] swap operator `/` for `*` in f at tests/ui/mutation/ops/op_swap/math_op_mul_div_swap/swap_mul_and_div.rs:19:14: 19:20
  <-(0)- test

[math_op_mul_div_swap] swap operator `/` for `*` in f at tests/ui/mutation/ops/op_swap/math_op_mul_div_swap/swap_mul_and_div.rs:23:18: 23:24
  <-(0)- test

16 mutations; 16 safe; 0 unsafe (0 tainted)
