1 mutation
  - [call_delete] delete call to `S::new_with_args` and replace it with `Default::default()` in f at tests/ui/mutation/ops/call_ignore/avoid_replacing_calls_with_default_that_calls_containing_fn.rs:34:21: 34:47
    <-(0)- test

1 mutation
  - [call_value_default_shadow] ignore return value of call to `S::new_with_args` by shadowing it with `Default::default()` in f at tests/ui/mutation/ops/call_ignore/avoid_replacing_calls_with_default_that_calls_containing_fn.rs:34:21: 34:47
    <-(0)- test

2 mutants; 2 mutations; 2 safe; 0 unsafe (0 tainted); 0 batched; 2 unbatched
