[call_delete] delete call to `f::custom_default` and replace it with `Default::default()` in f at tests/ui/mutation/ops/call_ignore/mutate_calls_that_return_generic_default_value.rs:18:25: 18:52
  <-(0)- test

[call_value_default_shadow] ignore return value of call to `f::custom_default` by shadowing it with `Default::default()` in f at tests/ui/mutation/ops/call_ignore/mutate_calls_that_return_generic_default_value.rs:18:25: 18:52
  <-(0)- test

[call_delete] delete call to `f::custom_default::custom_default_impl` and replace it with `Default::default()` in f::custom_default at tests/ui/mutation/ops/call_ignore/mutate_calls_that_return_generic_default_value.rs:15:9: 15:37
  <-(1)- test

[call_value_default_shadow] ignore return value of call to `f::custom_default::custom_default_impl` by shadowing it with `Default::default()` in f::custom_default at tests/ui/mutation/ops/call_ignore/mutate_calls_that_return_generic_default_value.rs:15:9: 15:37
  <-(1)- test

4 mutations; 4 safe; 0 unsafe (0 tainted)
