
@@@ call graph @@@

entry points:

test test
  -> make_closure_call::<{closure@tests/ui/call_graph/closure.rs:17:23: 17:25}> at tests/ui/call_graph/closure.rs:8:1: 8:36 (#0)
  -> test::{closure#0} at tests/ui/call_graph/closure.rs:14:13: 14:15 (#0)

nested calls at distance 1:

make_closure_call::<{closure@tests/ui/call_graph/closure.rs:17:23: 17:25}> at tests/ui/call_graph/closure.rs:8:1: 8:36 (#0)
  -> test::{closure#1} at tests/ui/call_graph/closure.rs:17:23: 17:25 (#0)
test::{closure#0} at tests/ui/call_graph/closure.rs:14:13: 14:15 (#0)
  -> impl_closure at tests/ui/call_graph/closure.rs:6:1: 6:18 (#0)

nested calls at distance 2:

test::{closure#1} at tests/ui/call_graph/closure.rs:17:23: 17:25 (#0)
  -> impl_closure at tests/ui/call_graph/closure.rs:6:1: 6:18 (#0)

@@@ targets @@@

tests -(1)-> impl_closure at tests/ui/call_graph/closure.rs:6:1: 6:18 (#0)
  (1) test

tests -(0)-> make_closure_call at tests/ui/call_graph/closure.rs:8:1: 8:36 (#0)
  (0) test

targets: 2 total; 2 safe; 0 unsafe (0 tainted)
