tests -(1)-> index_impl at tests/ui/call_graph/implicit_index_op_call.rs:9:1: 9:16 (#0)
  (1) test_implicit_index_call

tests -(0)-> <ImplsIndex as std::ops::Index<usize>>::index at tests/ui/call_graph/implicit_index_op_call.rs:13:5: 13:52 (#0)
  (0) test_implicit_index_call

tests -(1)-> index_mut_impl at tests/ui/call_graph/implicit_index_op_call.rs:19:1: 19:20 (#0)
  (1) test_implicit_index_mut_call

tests -(0)-> <ImplsIndex as std::ops::IndexMut<usize>>::index_mut at tests/ui/call_graph/implicit_index_op_call.rs:21:5: 21:64 (#0)
  (0) test_implicit_index_mut_call

targets: 4 total; 4 safe; 0 unsafe (0 tainted)
