warning: exceeded explicit call graph trace length limit

warning: 1 warning emitted

