[relational_op_eq_swap] add equality to relational operator `>` in f at tests/ui/mutation/ops/relational_op_eq_swap/invert_equality_in_relational_checks.rs:12:12: 12:17
  <-(0)- test

[relational_op_eq_swap] remove equality from relational operator `>=` in f at tests/ui/mutation/ops/relational_op_eq_swap/invert_equality_in_relational_checks.rs:17:50: 17:69
  <-(0)- test

[relational_op_eq_swap] remove equality from relational operator `<=` in f at tests/ui/mutation/ops/relational_op_eq_swap/invert_equality_in_relational_checks.rs:19:19: 19:34
  <-(0)- test

[relational_op_eq_swap] add equality to relational operator `>` in f at tests/ui/mutation/ops/relational_op_eq_swap/invert_equality_in_relational_checks.rs:21:26: 21:40
  <-(0)- test

[relational_op_eq_swap] remove equality from relational operator `>=` in f at tests/ui/mutation/ops/relational_op_eq_swap/invert_equality_in_relational_checks.rs:23:17: 23:40
  <-(0)- test

[relational_op_eq_swap] remove equality from relational operator `<=` in f at tests/ui/mutation/ops/relational_op_eq_swap/invert_equality_in_relational_checks.rs:31:16: 31:31
  <-(0)- test

[relational_op_eq_swap] remove equality from relational operator `>=` in f at tests/ui/mutation/ops/relational_op_eq_swap/invert_equality_in_relational_checks.rs:31:35: 31:50
  <-(0)- test

7 mutations; 7 safe; 0 unsafe (0 tainted)
