[arg_default_shadow] ignore `a` argument by shadowing it with `Default::default()` in f at tests/ui/mutation/ops/arg_default_shadow/insert_before_first_valid_stmt.rs:15:6: 15:14
  <-(0)- test

1 mutations; 1 safe; 0 unsafe (0 tainted)
